WARNING:root:Pizza creation has TROUBLE OBJECT EXITED WITH CODE 1
WARNING:root:Pizza creation has TROUBLE OBJECT EXITED WITH CODE 1
ERROR:root:Pizza creation has TROUBLE OBJECT EXITED WITH CODE 1
ERROR:root:Pizza creation has TROUBLE OBJECT EXITED WITH CODE 1
ERROR:root:Pizza creation has TROUBLE OBJECT EXITED WITH CODE 1
ERROR:root:Pizza creation has TROUBLE OBJECT EXITED WITH CODE 1
ERROR:root:Pizza creation has TROUBLE OBJECT EXITED WITH CODE 1
